Microchip MPLAB XC8 Compiler V2.32

Linker command line:

-W-3 --edf=G:\Program Files\MPLAB\XC8_Compiler\pic\dat\en_msgs.txt -cn \
  -h+dist/default/production\Remote_Generator.X.production.sym \
  --cmf=dist/default/production\Remote_Generator.X.production.cmf -z \
  -Q18F25K22 -oC:\Users\ADMINI~1\AppData\Local\Temp\xcAs96k.4 \
  --defsym=__MPLAB_BUILD=1 \
  -Mdist/default/production/Remote_Generator.X.production.map -E1 \
  -ver=XC8 Compiler --acfsm=1493 -ASTACK=04A0h-05FFh -pstack=STACK \
  -ACODE=00h-07FFFh -ACONST=00h-07FFFh -ASMALLCONST=0600h-06FFhx122 \
  -AMEDIUMCONST=0600h-07FFFh -ACOMRAM=01h-05Fh -AABS1=00h-05FFh \
  -ABIGRAM=01h-05FFh -ARAM=060h-0FFh,0100h-01FFhx5 -ABANK0=060h-0FFh \
  -ABANK1=0100h-01FFh -ABANK2=0200h-02FFh -ABANK3=0300h-03FFh \
  -ABANK4=0400h-04FFh -ABANK5=0500h-05FFh -ASFR=0F38h-0F5Fh,0F60h-0FFFh \
  -ACONFIG=0300000h-030000Dh -AIDLOC=0200000h-0200007h \
  -AEEDATA=0F00000h-0F000FFh -peeprom_data=EEDATA \
  -preset_vec=00h,intcode=08h,intcodelo=018h,powerup,init -pramtop=0600h \
  -psmallconst=SMALLCONST -pmediumconst=MEDIUMCONST -pconst=CONST \
  -AFARRAM=00h-00h \
  -prdata=COMRAM,nvrram=COMRAM,nvbit=COMRAM,rbss=COMRAM,rbit=COMRAM \
  -pfarbss=FARRAM,fardata=FARRAM,nvFARRAM=FARRAM \
  -pintsave_regs=BIGRAM,bigbss=BIGRAM,bigdata=BIGRAM -pbss=RAM \
  -pidata=CODE,irdata=CODE,ibigdata=CODE,ifardata=CODE -prparam=COMRAM \
  C:\Users\ADMINI~1\AppData\Local\Temp\xcAs96k.o \
  dist/default/production\Remote_Generator.X.production.o 

Object code version is 3.11

Machine type is 18F25K22



                Name                               Link     Load   Length Selector   Space Scale
C:\Users\ADMINI~1\AppData\Local\Temp\xcAs96k.o
                idloc                            200000   200000        8        0       5
                config                           300000   300000        E        0       4
                init                                 CA       CA        4        C       0
                reset_vec                             0        0        4        0       0
dist/default/production\Remote_Generator.X.production.o
                intcodelo                            18       18       B2        C       0
                intcode                               8        8        6        4       0
                idloc                            200000   200000        8        0       5
                config                           300000   300000        E        0       4
                temp                                 54       54        1        1       1
                mediumconst                        7E08     7E08      1F8     3F04       0
                text95                             612E     612E        2     3095       0
                text94                             5CA4     5CA4       32     2E01       0
                text93                             5EAA     5EAA       2E     2E01       0
                text92                             611E     611E        6     2FD9       0
                text91                             612C     612C        2     3095       0
                text90                             6118     6118        6     2FD9       0
                text89                             54A0     54A0       98        C       0
                text88                             5B82     5B82       40        C       0
                text87                             607E     607E       10     2FD9       0
                text86                             6112     6112        6     2FD9       0
                text85                             5D66     5D66       30     2E01       0
                text84                             606E     606E       10     2FD9       0
                intcode_body                       4C3A     4C3A       E4        C       0
                text82                             5E7C     5E7C       2E     2E01       0
                text81                             610C     610C        6     2FD9       0
                text80                             612A     612A        2     3095       0
                text79                             6106     6106        6     2FD9       0
                text78                             5408     5408       98        C       0
                text77                             5B42     5B42       40        C       0
                text75                             60FC     60FC        A     2FD9       0
                text74                             5F1E     5F1E       22     2E01       0
                text73                             60F2     60F2        A     2FD9       0
                text72                             60E8     60E8        A     2FD9       0
                text71                             60DE     60DE        A     2FD9       0
                text70                             60D4     60D4        A     2FD9       0
                text69                             60CA     60CA        A     2FD9       0
                text68                             5732     5732       72        C       0
                text67                             60C0     60C0        A     2FD9       0
                text66                             60B6     60B6        A     2FD9       0
                text65                             60AC     60AC        A     2FD9       0
                text64                             60A2     60A2        A     2FD9       0
                text63                             6098     6098        A     2FD9       0
                text62                             58EC     58EC       6A        C       0
                text61                             605E     605E       10     2FD9       0
                text60                             5F7A     5F7A       1C     2E01       0
                text59                             5E4E     5E4E       2E     2E01       0
                text58                             608E     608E        A     2FD9       0
                text57                             5C3A     5C3A       36     2E01       0
                text56                             5F40     5F40       1E     2E01       0
                text55                             50F0     50F0       A2        C       0
                text54                             5880     5880       6C        C       0
                text53                             4ED2     4ED2       C0        C       0
                text52                             5ED8     5ED8       24     2E01       0
                text51                             604C     604C       12     2FD9       0
                text50                             494C     494C      106        C       0
                text49                             4A52     4A52       FE        C       0
                text48                             57A4     57A4       70        C       0
                text47                             56BE     56BE       74        C       0
                text46                             5538     5538       88        C       0
                text45                             5E20     5E20       2E     2E01       0
                text44                             5DF2     5DF2       2E     2E01       0
                text43                             5DC4     5DC4       2E     2E01       0
                text42                             52D0     52D0       9E        C       0
                text41                             5D96     5D96       2E     2E01       0
                text40                             5D36     5D36       30     2E01       0
                text39                             5D06     5D06       30     2E01       0
                text38                             5814     5814       6C        C       0
                text37                             603A     603A       12     2FD9       0
                text36                             45D0     45D0      13A        C       0
                text35                             536E     536E       9A        C       0
                text34                             5A1A     5A1A       50        C       0
                text33                             4E00     4E00       D2        C       0
                text32                             6026     6026       14     2FD9       0
                text31                             5FFC     5FFC       16     2FD9       0
                text30                             59BA     59BA       60        C       0
                text29                             55C0     55C0       82        C       0
                text28                             5232     5232       9E        C       0
                text27                             5FCC     5FCC       1A     2FD9       0
                text26                             6012     6012       14     2FD9       0
                text25                             5FE6     5FE6       16     2FD9       0
                text24                             5956     5956       64        C       0
                text23                             5FB2     5FB2       1A     2FD9       0
                text22                             4838     4838      114        C       0
                text21                             5A6A     5A6A       4A        C       0
                text20                             3886     3886      39C        C       0
                text19                             5C02     5C02       38     2E01       0
                text18                             2F9C     2F9C      4C0        C       0
                text17                             5AFC     5AFC       46        C       0
                text16                             42D8     42D8      1B4        C       0
                text15                             5C70     5C70       34     2E01       0
                text14                             345C     345C      42A        C       0
                text13                             3ECC     3ECC      234        C       0
                text12                             5EFC     5EFC       22     2E01       0
                text11                             2ADC     2ADC      4C0        C       0
                text10                               CE       CE     2A0E        C       0
                text9                              4100     4100      1D8        C       0
                text8                              3C22     3C22      2AA        C       0
                text7                              4F92     4F92       B8        C       0
                text6                              470A     470A      12E        C       0
                text5                              504A     504A       A6        C       0
                text4                              5CD6     5CD6       30     2E01       0
                text3                              4D1E     4D1E       E2        C       0
                text2                              5642     5642       7C        C       0
                text1                              448C     448C      144        C       0
                text0                              5F5E     5F5E       1C     2E01       0
                cstackCOMRAM                          1        1       44        1       1
                cstackBANK0                          60       60       61       60       1
                cstackBANK1                         100      100       BA      100       1
                dataBANK4                           400      400       A0      400       1
                dataBANK3                           3AE      3AE       3F      300       1
                bssBANK3                            300      300       AE      300       1
                dataBANK2                           2AF      2AF       48      200       1
                bssBANK2                            200      200       AF      200       1
                dataBANK1                           1DD      1DD       1B      100       1
                bssBANK1                            1BA      1BA       23      100       1
                dataBANK0                            FA       FA        5       60       1
                bssBANK0                             C1       C1       39       60       1
                bssCOMRAM                            45       45        F        1       1
                cinit                              4B50     4B50       EA        C       0
                idataBANK4                         5192     5192       A0        C       0
                idataBANK3                         5BC2     5BC2       3F        C       0
                idataBANK2                         5AB4     5AB4       48        C       0
                idataBANK1                         5F96     5F96       1B     2E01       0
                idataBANK0                         6124     6124        5     2FD9       0

TOTAL           Name                               Link     Load   Length     Space
        CLASS   STACK          

        CLASS   CODE           
                intcodelo                            18       18       B2         0
                intcode                               8        8        6         0
                init                                 CA       CA        4         0
                reset_vec                             0        0        4         0
                text95                             612E     612E        2         0
                text94                             5CA4     5CA4       32         0
                text93                             5EAA     5EAA       2E         0
                text92                             611E     611E        6         0
                text91                             612C     612C        2         0
                text90                             6118     6118        6         0
                text89                             54A0     54A0       98         0
                text88                             5B82     5B82       40         0
                text87                             607E     607E       10         0
                text86                             6112     6112        6         0
                text85                             5D66     5D66       30         0
                text84                             606E     606E       10         0
                intcode_body                       4C3A     4C3A       E4         0
                text82                             5E7C     5E7C       2E         0
                text81                             610C     610C        6         0
                text80                             612A     612A        2         0
                text79                             6106     6106        6         0
                text78                             5408     5408       98         0
                text77                             5B42     5B42       40         0
                text75                             60FC     60FC        A         0
                text74                             5F1E     5F1E       22         0
                text73                             60F2     60F2        A         0
                text72                             60E8     60E8        A         0
                text71                             60DE     60DE        A         0
                text70                             60D4     60D4        A         0
                text69                             60CA     60CA        A         0
                text68                             5732     5732       72         0
                text67                             60C0     60C0        A         0
                text66                             60B6     60B6        A         0
                text65                             60AC     60AC        A         0
                text64                             60A2     60A2        A         0
                text63                             6098     6098        A         0
                text62                             58EC     58EC       6A         0
                text61                             605E     605E       10         0
                text60                             5F7A     5F7A       1C         0
                text59                             5E4E     5E4E       2E         0
                text58                             608E     608E        A         0
                text57                             5C3A     5C3A       36         0
                text56                             5F40     5F40       1E         0
                text55                             50F0     50F0       A2         0
                text54                             5880     5880       6C         0
                text53                             4ED2     4ED2       C0         0
                text52                             5ED8     5ED8       24         0
                text51                             604C     604C       12         0
                text50                             494C     494C      106         0
                text49                             4A52     4A52       FE         0
                text48                             57A4     57A4       70         0
                text47                             56BE     56BE       74         0
                text46                             5538     5538       88         0
                text45                             5E20     5E20       2E         0
                text44                             5DF2     5DF2       2E         0
                text43                             5DC4     5DC4       2E         0
                text42                             52D0     52D0       9E         0
                text41                             5D96     5D96       2E         0
                text40                             5D36     5D36       30         0
                text39                             5D06     5D06       30         0
                text38                             5814     5814       6C         0
                text37                             603A     603A       12         0
                text36                             45D0     45D0      13A         0
                text35                             536E     536E       9A         0
                text34                             5A1A     5A1A       50         0
                text33                             4E00     4E00       D2         0
                text32                             6026     6026       14         0
                text31                             5FFC     5FFC       16         0
                text30                             59BA     59BA       60         0
                text29                             55C0     55C0       82         0
                text28                             5232     5232       9E         0
                text27                             5FCC     5FCC       1A         0
                text26                             6012     6012       14         0
                text25                             5FE6     5FE6       16         0
                text24                             5956     5956       64         0
                text23                             5FB2     5FB2       1A         0
                text22                             4838     4838      114         0
                text21                             5A6A     5A6A       4A         0
                text20                             3886     3886      39C         0
                text19                             5C02     5C02       38         0
                text18                             2F9C     2F9C      4C0         0
                text17                             5AFC     5AFC       46         0
                text16                             42D8     42D8      1B4         0
                text15                             5C70     5C70       34         0
                text14                             345C     345C      42A         0
                text13                             3ECC     3ECC      234         0
                text12                             5EFC     5EFC       22         0
                text11                             2ADC     2ADC      4C0         0
                text10                               CE       CE     2A0E         0
                text9                              4100     4100      1D8         0
                text8                              3C22     3C22      2AA         0
                text7                              4F92     4F92       B8         0
                text6                              470A     470A      12E         0
                text5                              504A     504A       A6         0
                text4                              5CD6     5CD6       30         0
                text3                              4D1E     4D1E       E2         0
                text2                              5642     5642       7C         0
                text1                              448C     448C      144         0
                text0                              5F5E     5F5E       1C         0
                cinit                              4B50     4B50       EA         0
                idataBANK4                         5192     5192       A0         0
                idataBANK3                         5BC2     5BC2       3F         0
                idataBANK2                         5AB4     5AB4       48         0
                idataBANK1                         5F96     5F96       1B         0
                idataBANK0                         6124     6124        5         0

        CLASS   CONST          

        CLASS   SMALLCONST     

        CLASS   MEDIUMCONST    
                mediumconst                        7E08     7E08      1F8         0

        CLASS   COMRAM         
                temp                                 54       54        1         1
                cstackCOMRAM                          1        1       44         1
                bssCOMRAM                            45       45        F         1

        CLASS   ABS1           

        CLASS   BIGRAM         

        CLASS   RAM            

        CLASS   BANK0          
                cstackBANK0                          60       60       61         1
                dataBANK0                            FA       FA        5         1
                bssBANK0                             C1       C1       39         1

        CLASS   BANK1          
                cstackBANK1                         100      100       BA         1
                dataBANK1                           1DD      1DD       1B         1
                bssBANK1                            1BA      1BA       23         1

        CLASS   BANK2          
                dataBANK2                           2AF      2AF       48         1
                bssBANK2                            200      200       AF         1

        CLASS   BANK3          
                dataBANK3                           3AE      3AE       3F         1
                bssBANK3                            300      300       AE         1

        CLASS   BANK4          
                dataBANK4                           400      400       A0         1

        CLASS   BANK5          

        CLASS   SFR            

        CLASS   CONFIG         
                config                           300000   300000        E         4

        CLASS   IDLOC          
                idloc                            200000   200000        8         5

        CLASS   EEDATA         

        CLASS   FARRAM         



SEGMENTS        Name                           Load    Length   Top    Selector   Space  Class

                reset_vec                      000000  000004  000004         0       0  CODE    
                cstackCOMRAM                   000001  000054  000055         1       1  COMRAM  
                intcode                        000008  000006  00000E         4       0  CODE    
                intcodelo                      000018  005BE9  005C01         C       0  CODE    
                cstackBANK0                    000060  00009F  0000FF        60       1  BANK0   
                cstackBANK1                    000100  0000F8  0001F8       100       1  BANK1   
                bssBANK2                       000200  0000F7  0002F7       200       1  BANK2   
                bssBANK3                       000300  0000ED  0003ED       300       1  BANK3   
                dataBANK4                      000400  0000A0  0004A0       400       1  BANK4   
                text19                         005C02  0003AF  005FB1      2E01       0  CODE    
                text23                         005FB2  000177  006129      2FD9       0  CODE    
                text80                         00612A  000006  006130      3095       0  CODE    
                mediumconst                    007E08  0001F8  008000      3F04       0  MEDIUMCO


UNUSED ADDRESS RANGES

        Name                Unused          Largest block    Delta
        BANK0            0000FF-0000FF                1
        BANK1            0001F8-0001FF                8
        BANK2            0002F7-0002FF                9
        BANK3            0003ED-0003FF               13
        BANK4            0004A0-0004FF               60
        BANK5            000500-0005FF              100
        BIGRAM           000055-00005F                B
                         0000FF-0000FF                1
                         0001F8-0001FF                8
                         0002F7-0002FF                9
                         0003ED-0003FF               13
                         0004A0-0005FF              160
        CODE             000004-000007                4
                         00000E-000017                A
                         005C01-005C01                1
                         005FB1-005FB1                1
                         006129-006129                1
                         006130-007E07             1CD8
        COMRAM           000055-00005F                B
        CONST            000004-000007                4
                         00000E-000017                A
                         005C01-005C01                1
                         005FB1-005FB1                1
                         006129-006129                1
                         006130-007E07             1CD8
        EEDATA           F00000-F000FF              100
        MEDIUMCONST      005C01-005C01                1
                         005FB1-005FB1                1
                         006129-006129                1
                         006130-007E07             1CD8
        RAM              0000FF-0000FF                1
                         0001F8-0001FF                8
                         0002F7-0002FF                9
                         0003ED-0003FF               13
                         0004A0-0005FF               60
        SFR              000F38-000FFF               28
        SMALLCONST       005C01-005C01                1
                         005FB1-005FB1                1
                         006129-006129                1
                         006130-007E07              100
        STACK            0004A0-0005FF              160

                                  Symbol Table

?_ADC_GetConversion                             cstackCOMRAM 00000C
?_Modbus_05                                     cstackCOMRAM 00000C
?___fladd                                       cstackCOMRAM 00000C
?___fldiv                                       cstackCOMRAM 00003D
?___flmul                                       cstackCOMRAM 00001C
?___flneg                                       cstackCOMRAM 00000C
?___flsub                                       cstackCOMRAM 000035
?___xxtofl                                      cstackCOMRAM 00000C
?_fabsf                                         cstackCOMRAM 00000C
?_getCrc16                                      cstackCOMRAM 00000C
?_nanf                                          cstackCOMRAM 00000C
?_powf                                          cstackBANK0  000091
?_scalbnf                                       cstackCOMRAM 000035
?_sidefilter                                    cstackCOMRAM 000011
?_sqrtf                                         cstackBANK0  000064
ADC_GetConversion@channel                       cstackCOMRAM 000010
ADC_SetInterruptHandler@InterruptHandler        cstackCOMRAM 00000C
City_VoltageCheck@changing_flag                 cstackBANK0  000066
City_VoltageCheck@handle                        cstackBANK0  000064
Data_Report@cmd                                 cstackCOMRAM 000028
Data_Report@len                                 cstackCOMRAM 000026
Data_Report@pdata                               cstackCOMRAM 000024
Data_Report@start_addr                          cstackCOMRAM 000022
Data_Report@temp_len                            cstackCOMRAM 00002B
EUSART1_SetErrorHandler@interruptHandler        cstackCOMRAM 00000C
EUSART1_SetFramingErrorHandler@interruptHandler cstackCOMRAM 00000C
EUSART1_SetOverrunErrorHandler@interruptHandler cstackCOMRAM 00000C
EUSART1_SetRxInterruptHandler@interruptHandler  cstackCOMRAM 00000C
EUSART1_SetTxInterruptHandler@interruptHandler  cstackCOMRAM 00000C
EUSART2_SetErrorHandler@interruptHandler        cstackCOMRAM 00000C
EUSART2_SetFramingErrorHandler@interruptHandler cstackCOMRAM 00000C
EUSART2_SetOverrunErrorHandler@interruptHandler cstackCOMRAM 00000C
EUSART2_SetRxInterruptHandler@interruptHandler  cstackCOMRAM 00000C
EUSART2_SetTxInterruptHandler@interruptHandler  cstackCOMRAM 00000C
Endian_Swap@count                               cstackCOMRAM 000014
Endian_Swap@end                                 cstackCOMRAM 000016
Endian_Swap@i                                   cstackCOMRAM 000017
Endian_Swap@length                              cstackCOMRAM 00000F
Endian_Swap@pData                               cstackCOMRAM 00000C
Endian_Swap@start                               cstackCOMRAM 00000E
Endian_Swap@tmp                                 cstackCOMRAM 000015
Event1@arg                                      cstackBANK0  000068
Event2@arg                                      cstackBANK0  000068
Event3@arg                                      cstackBANK0  000068
Event4@arg                                      cstackBANK0  000068
Event5@arg                                      cstackBANK0  000068
Event6@arg                                      cstackBANK0  000068
Event7@arg                                      cstackBANK0  000068
Event8@arg                                      cstackBANK0  000068
Events_Poll@current_state                       cstackBANK0  00006B
Events_Poll@i                                   cstackBANK0  00006E
Events_Poll@pHandle                             cstackBANK0  00006F
Gen_Start@changing_flag                         cstackBANK0  000067
Gen_Start@gen_state                             bssBANK0     0000F9
Gen_Start@handle                                cstackBANK0  000064
Gen_Start@start_counter                         bssCOMRAM    00004D
Gen_VoltageCheck@changing_flag                  cstackBANK0  000066
Gen_VoltageCheck@handle                         cstackBANK0  000064
Get_CurrentSate@adc_obj                         cstackCOMRAM 00000C
Get_CurrentSate@arry                            cstackCOMRAM 00000E
Get_CurrentSate@i                               cstackCOMRAM 000013
Inverter_Start@counter                          bssCOMRAM    00004E
Inverter_Start@delay_times                      cstackCOMRAM 00000C
Modbus_05@addr                                  cstackCOMRAM 000011
Modbus_05@dat                                   cstackCOMRAM 00000C
Modbus_05@option                                cstackCOMRAM 000013
Reset_Code@handle                               cstackCOMRAM 00000C
Run_Stutas@arg                                  cstackBANK0  0000A2
Run_Stutas@current_code                         cstackBANK0  0000A6
Run_Stutas@pTimer                               cstackBANK0  0000A4
Set_Code@code                                   cstackCOMRAM 00000E
Set_Code@handle                                 cstackCOMRAM 00000C
Set_ModbusFrame@addr                            cstackCOMRAM 00001D
Set_ModbusFrame@cmd                             cstackCOMRAM 00001C
Set_ModbusFrame@data                            cstackCOMRAM 000018
Set_ModbusFrame@data_len                        cstackCOMRAM 00001A
Set_ModbusFrame@regs                            cstackCOMRAM 00001B
Set_ModbusFrame@temp_crc                        cstackCOMRAM 00001F
Set_ModbusFrame@temp_len                        cstackCOMRAM 000021
Status_Check@cycle                              bssBANK0     0000F8
Status_Check@i                                  cstackBANK0  0000A5
Status_Check@i_492                              cstackBANK0  0000A4
TMR0_SetInterruptHandler@InterruptHandler       cstackCOMRAM 00000C
Timers_Init@i                                   cstackCOMRAM 00001A
Timing_Report@change_counts                     bssBANK0     0000F7
Timing_Report@i                                 cstackBANK0  0000B4
Timing_Report@temp_arry                         cstackBANK0  0000A6
Timing_Report@temp_value                        cstackBANK0  0000B2
Uart1_Send@dat                                  cstackCOMRAM 000017
Uart1_Send@len                                  cstackCOMRAM 000019
Uart1_Send@temp_len                             cstackCOMRAM 00001A
Uart2_Handle@arg                                cstackBANK0  0000A2
Uart2_Handle@cmd                                cstackBANK0  0000AB
Uart2_Handle@i                                  cstackBANK0  0000AC
Uart2_Handle@register_addr                      cstackBANK0  0000A6
Uart2_Handle@register_data                      cstackBANK0  0000A9
Uart2_Handle@slave_addr                         cstackBANK0  0000A8
Uart2_Send@dat                                  cstackCOMRAM 000017
Uart2_Send@len                                  cstackCOMRAM 000019
Uart2_Send@temp_len                             cstackCOMRAM 00001A
Voltage_Check@adcValue                          cstackBANK0  0000AE
Voltage_Check@i                                 cstackBANK0  0000B0
_ADCON0                                         (abs)        000FC2
_ADCON0bits                                     (abs)        000FC2
_ADCON1                                         (abs)        000FC1
_ADCON2                                         (abs)        000FC0
_ADC_DefaultInterruptHandler                    text95       00612E
_ADC_GetConversion                              text21       005A6A
_ADC_ISR                                        text94       005CA4
_ADC_Initialize                                 text74       005F1E
_ADC_InterruptHandler                           bssBANK0     0000F0
_ADC_SetInterruptHandler                        text75       0060FC
_ADRESH                                         (abs)        000FC4
_ADRESL                                         (abs)        000FC3
_ANSELA                                         (abs)        000F38
_ANSELB                                         (abs)        000F39
_ANSELC                                         (abs)        000F3A
_BAUDCON1                                       (abs)        000FB8
_BAUDCON2                                       (abs)        000F70
_City_VoltageCheck                              text47       0056BE
_Data_Report                                    text29       0055C0
_Data_Report$503                                cstackCOMRAM 000029
_EUSART1_DefaultErrorHandler                    text81       00610C
_EUSART1_DefaultFramingErrorHandler             text80       00612A
_EUSART1_DefaultOverrunErrorHandler             text79       006106
_EUSART1_ErrorHandler                           bssBANK0     0000E6
_EUSART1_FramingErrorHandler                    bssBANK0     0000EA
_EUSART1_Initialize                             text68       005732
_EUSART1_OverrunErrorHandler                    bssBANK0     0000E8
_EUSART1_Receive_ISR                            text78       005408
_EUSART1_RxDataHandler                          text82       005E7C
_EUSART1_RxDefaultInterruptHandler              bssBANK0     0000EC
_EUSART1_SetErrorHandler                        text73       0060F2
_EUSART1_SetFramingErrorHandler                 text72       0060E8
_EUSART1_SetOverrunErrorHandler                 text71       0060DE
_EUSART1_SetRxInterruptHandler                  text70       0060D4
_EUSART1_SetTxInterruptHandler                  text69       0060CA
_EUSART1_Transmit_ISR                           text77       005B42
_EUSART1_TxDefaultInterruptHandler              bssBANK0     0000EE
_EUSART1_is_rx_ready                            text27       005FCC
_EUSART1_is_tx_done                             text26       006012
_EUSART1_is_tx_ready                            text25       005FE6
_EUSART2_DefaultErrorHandler                    text92       00611E
_EUSART2_DefaultFramingErrorHandler             text91       00612C
_EUSART2_DefaultOverrunErrorHandler             text90       006118
_EUSART2_ErrorHandler                           bssBANK0     0000DC
_EUSART2_FramingErrorHandler                    bssBANK0     0000E0
_EUSART2_Initialize                             text62       0058EC
_EUSART2_OverrunErrorHandler                    bssBANK0     0000DE
_EUSART2_Receive_ISR                            text89       0054A0
_EUSART2_RxDataHandler                          text93       005EAA
_EUSART2_RxDefaultInterruptHandler              bssBANK0     0000E2
_EUSART2_SetErrorHandler                        text67       0060C0
_EUSART2_SetFramingErrorHandler                 text66       0060B6
_EUSART2_SetOverrunErrorHandler                 text65       0060AC
_EUSART2_SetRxInterruptHandler                  text64       0060A2
_EUSART2_SetTxInterruptHandler                  text63       006098
_EUSART2_Transmit_ISR                           text88       005B82
_EUSART2_TxDefaultInterruptHandler              bssBANK0     0000E4
_EUSART2_is_rx_ready                            text23       005FB2
_EUSART2_is_tx_done                             text32       006026
_EUSART2_is_tx_ready                            text31       005FFC
_Endian_Swap                                    text28       005232
_Event1                                         text45       005E20
_Event2                                         text44       005DF2
_Event3                                         text43       005DC4
_Event4                                         text42       0052D0
_Event5                                         text41       005D96
_Event6                                         text40       005D36
_Event7                                         text39       005D06
_Event8                                         text46       005538
_Events_Group                                   dataBANK4    000400
_Events_Poll                                    text36       0045D0
_Gen_Start                                      text49       004A52
_Gen_VoltageCheck                               text48       0057A4
_Get_CurrentSate                                text38       005814
_INTCON2bits                                    (abs)        000FF1
_INTCONbits                                     (abs)        000FF2
_INTERRUPT_Initialize                           text61       00605E
_INTERRUPT_InterruptManagerHigh                 intcode      000008
_INTERRUPT_InterruptManagerLow                  intcodelo    000018
_IPR1bits                                       (abs)        000F9F
_IPR3bits                                       (abs)        000FA5
_Inverter_Start                                 text52       005ED8
_LATA                                           (abs)        000F89
_LATAbits                                       (abs)        000F89
_LATB                                           (abs)        000F8A
_LATBbits                                       (abs)        000F8A
_LATC                                           (abs)        000F8B
_LATCbits                                       (abs)        000F8B
_Led_Handle                                     bssBANK3     00036C
_LinkStage                                      bssBANK0     0000F6
_Modbus_05                                      text22       004838
_MotorStop_Handle                               bssBANK2     000200
_OSCCON                                         (abs)        000FD3
_OSCCON2                                        (abs)        000FD2
_OSCILLATOR_Initialize                          text60       005F7A
_OSCTUNE                                        (abs)        000F9B
_PIE1bits                                       (abs)        000F9D
_PIE3bits                                       (abs)        000FA3
_PIN_MANAGER_Initialize                         text59       005E4E
_PIR1bits                                       (abs)        000F9E
_PIR3bits                                       (abs)        000FA4
_PLLRDY                                         (abs)        007E97
_PORTBbits                                      (abs)        000F81
_RCONbits                                       (abs)        000FD0
_RCREG1                                         (abs)        000FAE
_RCREG2                                         (abs)        000F74
_RCSTA1                                         (abs)        000FAB
_RCSTA1bits                                     (abs)        000FAB
_RCSTA2                                         (abs)        000F71
_RCSTA2bits                                     (abs)        000F71
_Report_Handle                                  bssBANK3     000382
_Reset_Code                                     text37       00603A
_Run_Stutas                                     text5        00504A
_SPBRG1                                         (abs)        000FAF
_SPBRG2                                         (abs)        000F75
_SPBRGH1                                        (abs)        000FB0
_SPBRGH2                                        (abs)        000F76
_SWDTEN                                         (abs)        007E88
_SYSTEM_Initialize                              text56       005F40
_SendTime                                       bssBANK0     0000F4
_Set_Code                                       text51       00604C
_Set_ModbusFrame                                text33       004E00
_SlaveFuncMapbuff                               dataBANK0    0000FA
_Status_Check                                   text7        004F92
_Status_Handle                                  bssBANK2     000299
_T0CON                                          (abs)        000FD5
_T0CONbits                                      (abs)        000FD5
_TMR0H                                          (abs)        000FD7
_TMR0L                                          (abs)        000FD6
_TMR0_CallBack                                  text85       005D66
_TMR0_DefaultInterruptHandler                   text86       006112
_TMR0_ISR                                       text84       00606E
_TMR0_Initialize                                text57       005C3A
_TMR0_InterruptHandler                          bssBANK0     0000DA
_TMR0_SetInterruptHandler                       text58       00608E
_TRISA                                          (abs)        000F92
_TRISB                                          (abs)        000F93
_TRISC                                          (abs)        000F94
_TXREG1                                         (abs)        000FAD
_TXREG2                                         (abs)        000F73
_TXSTA1                                         (abs)        000FAC
_TXSTA1bits                                     (abs)        000FAC
_TXSTA2                                         (abs)        000F72
_TXSTA2bits                                     (abs)        000F72
_Timer_Grounps                                  dataBANK2    0002AF
_Timers_Init                                    text53       004ED2
_Timing_Report                                  text6        00470A
_Uart1Rec_Handle                                bssBANK3     000356
_Uart1Rx                                        bssBANK1     0001BA
_Uart1_Handle                                   text4        005CD6
_Uart1_Send                                     text24       005956
_Uart2Rec_Handle                                bssBANK3     000340
_Uart2Rx                                        bssBANK2     000216
_Uart2_Handle                                   text3        004D1E
_Uart2_Send                                     text30       0059BA
_VoltageCheck_Handle                            bssBANK3     000398
_Voltage_Check                                  text8        003C22
_Voltage_Check$3349                             cstackBANK0  0000AA
_Voltage_Check$3350                             cstackBANK0  0000A6
_WPUB                                           (abs)        000F61
__HRAM                                          (abs)        000000
__Habs1                                         abs1         000000
__Hbank0                                        bank0        000000
__Hbank1                                        bank1        000000
__Hbank2                                        bank2        000000
__Hbank3                                        bank3        000000
__Hbank4                                        bank4        000000
__Hbank5                                        bank5        000000
__Hbigbss                                       bigbss       000000
__Hbigdata                                      bigdata      000000
__Hbigram                                       bigram       000000
__Hbss                                          bss          000000
__HbssBANK0                                     bssBANK0     000000
__HbssBANK1                                     bssBANK1     000000
__HbssBANK2                                     bssBANK2     000000
__HbssBANK3                                     bssBANK3     000000
__HbssCOMRAM                                    bssCOMRAM    000000
__Hcinit                                        cinit        000000
__Hclrtext                                      clrtext      000000
__Hcomram                                       comram       000000
__Hconfig                                       config       30000E
__Hconst                                        const        000000
__HcstackBANK0                                  cstackBANK0  000000
__HcstackBANK1                                  cstackBANK1  000000
__HcstackCOMRAM                                 cstackCOMRAM 000000
__Hdata                                         data         000000
__HdataBANK0                                    dataBANK0    000000
__HdataBANK1                                    dataBANK1    000000
__HdataBANK2                                    dataBANK2    000000
__HdataBANK3                                    dataBANK3    000000
__HdataBANK4                                    dataBANK4    000000
__Heeprom_data                                  eeprom_data  000000
__Hfarbss                                       farbss       000000
__Hfardata                                      fardata      000000
__Hibigdata                                     ibigdata     000000
__Hidata                                        idata        000000
__HidataBANK0                                   idataBANK0   000000
__HidataBANK1                                   idataBANK1   000000
__HidataBANK2                                   idataBANK2   000000
__HidataBANK3                                   idataBANK3   000000
__HidataBANK4                                   idataBANK4   000000
__Hidloc                                        idloc        200008
__Hifardata                                     ifardata     000000
__Hinit                                         init         0000CE
__Hintcode                                      intcode      00000E
__Hintcode_body                                 intcode_body 000000
__Hintcodelo                                    intcodelo    0000CA
__Hintentry                                     intentry     000000
__Hintret                                       intret       000000
__Hintsave_regs                                 intsave_regs 000000
__Hirdata                                       irdata       000000
__Hmediumconst                                  mediumconst  008000
__HnvFARRAM                                     nvFARRAM     000000
__Hnvbit                                        nvbit        000000
__Hnvrram                                       nvrram       000000
__Hparam                                        rparam       000000
__Hpowerup                                      powerup      0000CA
__Hram                                          ram          000000
__Hramtop                                       ramtop       000600
__Hrbit                                         rbit         000000
__Hrbss                                         rbss         000000
__Hrdata                                        rdata        000000
__Hreset_vec                                    reset_vec    000004
__Hrparam                                       rparam       000000
__Hsfr                                          sfr          000000
__Hsmallconst                                   smallconst   000000
__Hspace_0                                      (abs)        008000
__Hspace_1                                      (abs)        0004A0
__Hspace_2                                      (abs)        000000
__Hspace_4                                      (abs)        60000E
__Hstack                                        stack        000000
__Hstruct                                       struct       000000
__Htemp                                         temp         000055
__Htext                                         text         000000
__Htext0                                        text0        000000
__Htext1                                        text1        000000
__Htext10                                       text10       000000
__Htext11                                       text11       000000
__Htext12                                       text12       000000
__Htext13                                       text13       000000
__Htext14                                       text14       000000
__Htext15                                       text15       000000
__Htext16                                       text16       000000
__Htext17                                       text17       000000
__Htext18                                       text18       000000
__Htext19                                       text19       000000
__Htext2                                        text2        000000
__Htext20                                       text20       000000
__Htext21                                       text21       000000
__Htext22                                       text22       000000
__Htext23                                       text23       000000
__Htext24                                       text24       000000
__Htext25                                       text25       000000
__Htext26                                       text26       000000
__Htext27                                       text27       000000
__Htext28                                       text28       000000
__Htext29                                       text29       000000
__Htext3                                        text3        000000
__Htext30                                       text30       000000
__Htext31                                       text31       000000
__Htext32                                       text32       000000
__Htext33                                       text33       000000
__Htext34                                       text34       000000
__Htext35                                       text35       000000
__Htext36                                       text36       000000
__Htext37                                       text37       000000
__Htext38                                       text38       000000
__Htext39                                       text39       000000
__Htext4                                        text4        000000
__Htext40                                       text40       000000
__Htext41                                       text41       000000
__Htext42                                       text42       000000
__Htext43                                       text43       000000
__Htext44                                       text44       000000
__Htext45                                       text45       000000
__Htext46                                       text46       000000
__Htext47                                       text47       000000
__Htext48                                       text48       000000
__Htext49                                       text49       000000
__Htext5                                        text5        000000
__Htext50                                       text50       000000
__Htext51                                       text51       000000
__Htext52                                       text52       000000
__Htext53                                       text53       000000
__Htext54                                       text54       000000
__Htext55                                       text55       000000
__Htext56                                       text56       000000
__Htext57                                       text57       000000
__Htext58                                       text58       000000
__Htext59                                       text59       000000
__Htext6                                        text6        000000
__Htext60                                       text60       000000
__Htext61                                       text61       000000
__Htext62                                       text62       000000
__Htext63                                       text63       000000
__Htext64                                       text64       000000
__Htext65                                       text65       000000
__Htext66                                       text66       000000
__Htext67                                       text67       000000
__Htext68                                       text68       000000
__Htext69                                       text69       000000
__Htext7                                        text7        000000
__Htext70                                       text70       000000
__Htext71                                       text71       000000
__Htext72                                       text72       000000
__Htext73                                       text73       000000
__Htext74                                       text74       000000
__Htext75                                       text75       000000
__Htext77                                       text77       000000
__Htext78                                       text78       000000
__Htext79                                       text79       000000
__Htext8                                        text8        000000
__Htext80                                       text80       000000
__Htext81                                       text81       000000
__Htext82                                       text82       000000
__Htext84                                       text84       000000
__Htext85                                       text85       000000
__Htext86                                       text86       000000
__Htext87                                       text87       000000
__Htext88                                       text88       000000
__Htext89                                       text89       000000
__Htext9                                        text9        000000
__Htext90                                       text90       000000
__Htext91                                       text91       000000
__Htext92                                       text92       000000
__Htext93                                       text93       000000
__Htext94                                       text94       000000
__Htext95                                       text95       000000
__Htext96                                       text96       000000
__LRAM                                          (abs)        000001
__Labs1                                         abs1         000000
__Lbank0                                        bank0        000000
__Lbank1                                        bank1        000000
__Lbank2                                        bank2        000000
__Lbank3                                        bank3        000000
__Lbank4                                        bank4        000000
__Lbank5                                        bank5        000000
__Lbigbss                                       bigbss       000000
__Lbigdata                                      bigdata      000000
__Lbigram                                       bigram       000000
__Lbss                                          bss          000000
__LbssBANK0                                     bssBANK0     000000
__LbssBANK1                                     bssBANK1     000000
__LbssBANK2                                     bssBANK2     000000
__LbssBANK3                                     bssBANK3     000000
__LbssCOMRAM                                    bssCOMRAM    000000
__Lcinit                                        cinit        000000
__Lclrtext                                      clrtext      000000
__Lcomram                                       comram       000000
__Lconfig                                       config       000000
__Lconst                                        const        000000
__LcstackBANK0                                  cstackBANK0  000000
__LcstackBANK1                                  cstackBANK1  000000
__LcstackCOMRAM                                 cstackCOMRAM 000000
__Ldata                                         data         000000
__LdataBANK0                                    dataBANK0    000000
__LdataBANK1                                    dataBANK1    000000
__LdataBANK2                                    dataBANK2    000000
__LdataBANK3                                    dataBANK3    000000
__LdataBANK4                                    dataBANK4    000000
__Leeprom_data                                  eeprom_data  000000
__Lfarbss                                       farbss       000000
__Lfardata                                      fardata      000000
__Libigdata                                     ibigdata     000000
__Lidata                                        idata        000000
__LidataBANK0                                   idataBANK0   000000
__LidataBANK1                                   idataBANK1   000000
__LidataBANK2                                   idataBANK2   000000
__LidataBANK3                                   idataBANK3   000000
__LidataBANK4                                   idataBANK4   000000
__Lidloc                                        idloc        000000
__Lifardata                                     ifardata     000000
__Linit                                         init         0000CA
__Lintcode                                      intcode      000008
__Lintcode_body                                 intcode_body 000000
__Lintcodelo                                    intcodelo    000018
__Lintentry                                     intentry     000000
__Lintret                                       intret       000000
__Lintsave_regs                                 intsave_regs 000000
__Lirdata                                       irdata       000000
__Lmediumconst                                  mediumconst  007E08
__LnvFARRAM                                     nvFARRAM     000000
__Lnvbit                                        nvbit        000000
__Lnvrram                                       nvrram       000000
__Lparam                                        rparam       000000
__Lpowerup                                      powerup      0000CA
__Lram                                          ram          000000
__Lramtop                                       ramtop       000600
__Lrbit                                         rbit         000000
__Lrbss                                         rbss         000000
__Lrdata                                        rdata        000000
__Lreset_vec                                    reset_vec    000000
__Lrparam                                       rparam       000000
__Lsfr                                          sfr          000000
__Lsmallconst                                   smallconst   000000
__Lspace_0                                      (abs)        000000
__Lspace_1                                      (abs)        000000
__Lspace_2                                      (abs)        000000
__Lspace_4                                      (abs)        000000
__Lstack                                        stack        000000
__Lstruct                                       struct       000000
__Ltemp                                         temp         000054
__Ltext                                         text         000000
__Ltext0                                        text0        000000
__Ltext1                                        text1        000000
__Ltext10                                       text10       000000
__Ltext11                                       text11       000000
__Ltext12                                       text12       000000
__Ltext13                                       text13       000000
__Ltext14                                       text14       000000
__Ltext15                                       text15       000000
__Ltext16                                       text16       000000
__Ltext17                                       text17       000000
__Ltext18                                       text18       000000
__Ltext19                                       text19       000000
__Ltext2                                        text2        000000
__Ltext20                                       text20       000000
__Ltext21                                       text21       000000
__Ltext22                                       text22       000000
__Ltext23                                       text23       000000
__Ltext24                                       text24       000000
__Ltext25                                       text25       000000
__Ltext26                                       text26       000000
__Ltext27                                       text27       000000
__Ltext28                                       text28       000000
__Ltext29                                       text29       000000
__Ltext3                                        text3        000000
__Ltext30                                       text30       000000
__Ltext31                                       text31       000000
__Ltext32                                       text32       000000
__Ltext33                                       text33       000000
__Ltext34                                       text34       000000
__Ltext35                                       text35       000000
__Ltext36                                       text36       000000
__Ltext37                                       text37       000000
__Ltext38                                       text38       000000
__Ltext39                                       text39       000000
__Ltext4                                        text4        000000
__Ltext40                                       text40       000000
__Ltext41                                       text41       000000
__Ltext42                                       text42       000000
__Ltext43                                       text43       000000
__Ltext44                                       text44       000000
__Ltext45                                       text45       000000
__Ltext46                                       text46       000000
__Ltext47                                       text47       000000
__Ltext48                                       text48       000000
__Ltext49                                       text49       000000
__Ltext5                                        text5        000000
__Ltext50                                       text50       000000
__Ltext51                                       text51       000000
__Ltext52                                       text52       000000
__Ltext53                                       text53       000000
__Ltext54                                       text54       000000
__Ltext55                                       text55       000000
__Ltext56                                       text56       000000
__Ltext57                                       text57       000000
__Ltext58                                       text58       000000
__Ltext59                                       text59       000000
__Ltext6                                        text6        000000
__Ltext60                                       text60       000000
__Ltext61                                       text61       000000
__Ltext62                                       text62       000000
__Ltext63                                       text63       000000
__Ltext64                                       text64       000000
__Ltext65                                       text65       000000
__Ltext66                                       text66       000000
__Ltext67                                       text67       000000
__Ltext68                                       text68       000000
__Ltext69                                       text69       000000
__Ltext7                                        text7        000000
__Ltext70                                       text70       000000
__Ltext71                                       text71       000000
__Ltext72                                       text72       000000
__Ltext73                                       text73       000000
__Ltext74                                       text74       000000
__Ltext75                                       text75       000000
__Ltext77                                       text77       000000
__Ltext78                                       text78       000000
__Ltext79                                       text79       000000
__Ltext8                                        text8        000000
__Ltext80                                       text80       000000
__Ltext81                                       text81       000000
__Ltext82                                       text82       000000
__Ltext84                                       text84       000000
__Ltext85                                       text85       000000
__Ltext86                                       text86       000000
__Ltext87                                       text87       000000
__Ltext88                                       text88       000000
__Ltext89                                       text89       000000
__Ltext9                                        text9        000000
__Ltext90                                       text90       000000
__Ltext91                                       text91       000000
__Ltext92                                       text92       000000
__Ltext93                                       text93       000000
__Ltext94                                       text94       000000
__Ltext95                                       text95       000000
__Ltext96                                       text96       000000
__S0                                            (abs)        008000
__S1                                            (abs)        0004A0
__S2                                            (abs)        000000
__S4                                            (abs)        000000
__S5                                            (abs)        000000
___fladd                                        text18       002F9C
___fladd@a                                      cstackCOMRAM 000010
___fladd@aexp                                   cstackCOMRAM 000019
___fladd@b                                      cstackCOMRAM 00000C
___fladd@bexp                                   cstackCOMRAM 00001A
___fladd@grs                                    cstackCOMRAM 00001B
___fladd@signs                                  cstackCOMRAM 000018
___fldiv                                        text20       003886
___fldiv@a                                      cstackCOMRAM 000041
___fldiv@aexp                                   cstackBANK0  000070
___fldiv@b                                      cstackCOMRAM 00003D
___fldiv@bexp                                   cstackBANK0  00006F
___fldiv@grs                                    cstackBANK0  00006B
___fldiv@new_exp                                cstackBANK0  000069
___fldiv@rem                                    cstackBANK0  000064
___fldiv@sign                                   cstackBANK0  000068
___flge                                         text50       00494C
___flge@ff1                                     cstackCOMRAM 00003D
___flge@ff2                                     cstackCOMRAM 000041
___flmul                                        text14       00345C
___flmul@a                                      cstackCOMRAM 000020
___flmul@aexp                                   cstackCOMRAM 000029
___flmul@b                                      cstackCOMRAM 00001C
___flmul@bexp                                   cstackCOMRAM 00002E
___flmul@grs                                    cstackCOMRAM 00002A
___flmul@prod                                   cstackCOMRAM 00002F
___flmul@sign                                   cstackCOMRAM 000028
___flmul@temp                                   cstackCOMRAM 000033
___flneg                                        text19       005C02
___flneg@f1                                     cstackCOMRAM 00000C
___flsub                                        text17       005AFC
___flsub@a                                      cstackCOMRAM 000039
___flsub@b                                      cstackCOMRAM 000035
___inthi_sp                                     stack        000000
___intlo_sp                                     stack        000000
___param_bank                                   (abs)        000000
___rparam_used                                  (abs)        000001
___sp                                           stack        000000
___xxtofl                                       text16       0042D8
___xxtofl@arg                                   cstackCOMRAM 000016
___xxtofl@exp                                   cstackCOMRAM 000015
___xxtofl@sign                                  cstackCOMRAM 000014
___xxtofl@val                                   cstackCOMRAM 00000C
__accesstop                                     (abs)        000060
__activetblptr                                  (abs)        000002
__end_of_ADC_DefaultInterruptHandler            text95       006130
__end_of_ADC_GetConversion                      text21       005AB4
__end_of_ADC_ISR                                text94       005CD6
__end_of_ADC_Initialize                         text74       005F40
__end_of_ADC_SetInterruptHandler                text75       006106
__end_of_City_VoltageCheck                      text47       005732
__end_of_Data_Report                            text29       005642
__end_of_EUSART1_DefaultErrorHandler            text81       006112
__end_of_EUSART1_DefaultFramingErrorHandler     text80       00612C
__end_of_EUSART1_DefaultOverrunErrorHandler     text79       00610C
__end_of_EUSART1_Initialize                     text68       0057A4
__end_of_EUSART1_Receive_ISR                    text78       0054A0
__end_of_EUSART1_RxDataHandler                  text82       005EAA
__end_of_EUSART1_SetErrorHandler                text73       0060FC
__end_of_EUSART1_SetFramingErrorHandler         text72       0060F2
__end_of_EUSART1_SetOverrunErrorHandler         text71       0060E8
__end_of_EUSART1_SetRxInterruptHandler          text70       0060DE
__end_of_EUSART1_SetTxInterruptHandler          text69       0060D4
__end_of_EUSART1_Transmit_ISR                   text77       005B82
__end_of_EUSART1_is_rx_ready                    text27       005FE6
__end_of_EUSART1_is_tx_done                     text26       006026
__end_of_EUSART1_is_tx_ready                    text25       005FFC
__end_of_EUSART2_DefaultErrorHandler            text92       006124
__end_of_EUSART2_DefaultFramingErrorHandler     text91       00612E
__end_of_EUSART2_DefaultOverrunErrorHandler     text90       00611E
__end_of_EUSART2_Initialize                     text62       005956
__end_of_EUSART2_Receive_ISR                    text89       005538
__end_of_EUSART2_RxDataHandler                  text93       005ED8
__end_of_EUSART2_SetErrorHandler                text67       0060CA
__end_of_EUSART2_SetFramingErrorHandler         text66       0060C0
__end_of_EUSART2_SetOverrunErrorHandler         text65       0060B6
__end_of_EUSART2_SetRxInterruptHandler          text64       0060AC
__end_of_EUSART2_SetTxInterruptHandler          text63       0060A2
__end_of_EUSART2_Transmit_ISR                   text88       005BC2
__end_of_EUSART2_is_rx_ready                    text23       005FCC
__end_of_EUSART2_is_tx_done                     text32       00603A
__end_of_EUSART2_is_tx_ready                    text31       006012
__end_of_Endian_Swap                            text28       0052D0
__end_of_Event1                                 text45       005E4E
__end_of_Event2                                 text44       005E20
__end_of_Event3                                 text43       005DF2
__end_of_Event4                                 text42       00536E
__end_of_Event5                                 text41       005DC4
__end_of_Event6                                 text40       005D66
__end_of_Event7                                 text39       005D36
__end_of_Event8                                 text46       0055C0
__end_of_Events_Poll                            text36       00470A
__end_of_Gen_Start                              text49       004B50
__end_of_Gen_VoltageCheck                       text48       005814
__end_of_Get_CurrentSate                        text38       005880
__end_of_INTERRUPT_Initialize                   text61       00606E
__end_of_INTERRUPT_InterruptManagerHigh         intcode_body 004D1E
__end_of_INTERRUPT_InterruptManagerLow          intcodelo    0000CA
__end_of_Inverter_Start                         text52       005EFC
__end_of_L1                                     mediumconst  007E65
__end_of_L2                                     mediumconst  007E61
__end_of_L3                                     mediumconst  007E5D
__end_of_L4                                     mediumconst  007E59
__end_of_L5                                     mediumconst  007E55
__end_of_L6                                     mediumconst  007E51
__end_of_Modbus_05                              text22       00494C
__end_of_OSCILLATOR_Initialize                  text60       005F96
__end_of_P1                                     mediumconst  007E4D
__end_of_P2                                     mediumconst  007E49
__end_of_P3                                     mediumconst  007E45
__end_of_P4                                     mediumconst  007E41
__end_of_P5                                     mediumconst  007E3D
__end_of_PIN_MANAGER_Initialize                 text59       005E7C
__end_of_Reset_Code                             text37       00604C
__end_of_Run_Stutas                             text5        0050F0
__end_of_SYSTEM_Initialize                      text56       005F5E
__end_of_Set_Code                               text51       00605E
__end_of_Set_ModbusFrame                        text33       004ED2
__end_of_Status_Check                           text7        00504A
__end_of_TMR0_CallBack                          text85       005D96
__end_of_TMR0_DefaultInterruptHandler           text86       006118
__end_of_TMR0_ISR                               text84       00607E
__end_of_TMR0_Initialize                        text57       005C70
__end_of_TMR0_SetInterruptHandler               text58       006098
__end_of_Timers_Init                            text53       004F92
__end_of_Timing_Report                          text6        004838
__end_of_Uart1_Handle                           text4        005D06
__end_of_Uart1_Send                             text24       0059BA
__end_of_Uart2_Handle                           text3        004E00
__end_of_Uart2_Send                             text30       005A1A
__end_of_Voltage_Check                          text8        003ECC
__end_of___fladd                                text18       00345C
__end_of___fldiv                                text20       003C22
__end_of___flge                                 text50       004A52
__end_of___flmul                                text14       003886
__end_of___flneg                                text19       005C3A
__end_of___flsub                                text17       005B42
__end_of___xxtofl                               text16       00448C
__end_of__initialization                        cinit        004C2C
__end_of_bp                                     mediumconst  007E79
__end_of_cp                                     mediumconst  007E29
__end_of_cp_h                                   mediumconst  007E85
__end_of_cp_l                                   mediumconst  007E81
__end_of_dp_h                                   mediumconst  007E19
__end_of_dp_l                                   mediumconst  007E11
__end_of_fabsf                                  text15       005CA4
__end_of_getCrc16                               text35       005408
__end_of_huge                                   mediumconst  007E6D
__end_of_ivln2                                  mediumconst  007E25
__end_of_ivln2_h                                mediumconst  007E7D
__end_of_ivln2_l                                mediumconst  007E21
__end_of_lg2                                    mediumconst  007E39
__end_of_lg2_h                                  mediumconst  007E35
__end_of_lg2_l                                  mediumconst  007E31
__end_of_main                                   text0        005F7A
__end_of_memcpy                                 text34       005A6A
__end_of_nanf                                   text12       005F1E
__end_of_ovt                                    mediumconst  007E2D
__end_of_powf                                   text10       002ADC
__end_of_scalbnf                                text13       004100
__end_of_sidefilter                             text9        0042D8
__end_of_sqrtf                                  text11       002F9C
[...]
__size_of_scalbnf                               (abs)        000000
__size_of_sidefilter                            (abs)        000000
__size_of_sqrtf                                 (abs)        000000
__size_of_timer_init                            (abs)        000000
__size_of_timer_loop                            (abs)        000000
__size_of_timer_start                           (abs)        000000
__size_of_timer_stop                            (abs)        000000
__size_of_timer_ticks                           (abs)        000000
__smallconst                                    smallconst   000000
__timer_ticks                                   bssBANK0     0000D1
_adc                                            dataBANK1    0001DD
_atCmdLteInit                                   dataBANK4    000458
_bp                                             mediumconst  007E71
_dp_h                                           mediumconst  007E11
_dp_l                                           mediumconst  007E09
_errno                                          bssBANK0     0000D8
_eusart1TxBuffer                                bssBANK2     000259
_eusart1TxBufferRemaining                       bssCOMRAM    00004A
_eusart1TxHead                                  bssCOMRAM    00004C
_eusart1TxTail                                  bssCOMRAM    00004B
_eusart2TxBuffer                                bssBANK3     000300
_eusart2TxBufferRemaining                       bssCOMRAM    000047
_eusart2TxHead                                  bssCOMRAM    000049
_eusart2TxTail                                  bssCOMRAM    000048
_fabsf                                          text15       005C70
_gAlternator                                    bssCOMRAM    000053
_gCurrent_code                                  bssBANK0     0000F2
_gStart_mutex                                   bssCOMRAM    000050
_gStop_mutex                                    bssCOMRAM    00004F
_getCrc16                                       text35       00536E
_gside                                          dataBANK3    0003AE
_head_handle                                    bssCOMRAM    000051
_index                                          bssBANK0     0000F5
_main                                           text0        005F5E
_memcpy                                         text34       005A1A
_nanf                                           text12       005EFC
_pAtCmdList                                     dataBANK0    0000FD
_powf                                           text10       0000CE
_powf$3352                                      cstackBANK1  0001A0
_powf$3353                                      cstackBANK1  000150
_powf$3354                                      cstackBANK1  000144
_powf$3355                                      cstackBANK1  000194
_powf$3356                                      cstackBANK1  000130
_powf$3357                                      cstackBANK1  000100
_powf$3358                                      cstackBANK1  000104
_powf$3359                                      cstackBANK1  000154
_powf$3360                                      cstackBANK1  000108
_powf$3361                                      cstackBANK1  000134
_powf$3362                                      cstackBANK1  00010C
_powf$3363                                      cstackBANK1  000110
_powf$3364                                      cstackBANK1  000138
_powf$3366                                      cstackBANK1  00013C
_report_buffer                                  bssBANK2     000279
_scalbnf                                        text13       003ECC
_sidefilter                                     text9        004100
_sqrtf                                          text11       002ADC
_timer0ReloadVal                                bssCOMRAM    000045
_timer_init                                     text55       0050F0
_timer_loop                                     text1        00448C
_timer_start                                    text54       005880
_timer_stop                                     text2        005642
_timer_ticks                                    text87       00607E
btemp                                           temp         000054
end_of_initialization                           cinit        004C2C
fabsf@F465                                      bssBANK0     0000CD
fabsf@u                                         cstackCOMRAM 000010
fabsf@x                                         cstackCOMRAM 00000C
getCrc16@IniDat                                 cstackCOMRAM 00000F
getCrc16@crc16                                  cstackCOMRAM 000016
getCrc16@iix                                    cstackCOMRAM 000013
getCrc16@iiy                                    cstackCOMRAM 000014
getCrc16@length                                 cstackCOMRAM 00000E
getCrc16@ptr                                    cstackCOMRAM 00000C
int$flags                                       temp         000054
int_func                                        intcode_body 004C3A
intlevel0                                       text         000000
intlevel1                                       text         000000
intlevel2                                       text         000000
intlevel3                                       text         000000
isa$std                                         (abs)        000001
isa$xinst                                       (abs)        000000
memcpy@d                                        cstackCOMRAM 000013
memcpy@d1                                       cstackCOMRAM 00000C
memcpy@n                                        cstackCOMRAM 000010
memcpy@s                                        cstackCOMRAM 000015
memcpy@s1                                       cstackCOMRAM 00000E
memcpy@tmp                                      cstackCOMRAM 000012
nanf@s                                          cstackCOMRAM 00000C
nanf@u                                          cstackCOMRAM 000010
powf@__xc8_float_word                           cstackBANK1  0001B4
powf@ax                                         cstackBANK1  00016C
powf@hx                                         cstackBANK1  00015C
powf@hy                                         cstackBANK1  000178
powf@i                                          cstackBANK1  000124
powf@is                                         cstackBANK1  000190
powf@ix                                         cstackBANK1  0001A4
powf@iy                                         cstackBANK1  00018C
powf@j                                          cstackBANK1  0001A8
powf@k                                          cstackBANK1  00019C
powf@n                                          cstackBANK1  00017C
powf@p_h                                        cstackBANK1  000198
powf@p_l                                        cstackBANK1  000160
powf@r                                          cstackBANK1  000148
powf@s                                          cstackBANK1  000158
powf@s2                                         cstackBANK1  000188
powf@s_h                                        cstackBANK1  000168
powf@s_l                                        cstackBANK1  000128
powf@sn                                         cstackBANK1  000184
powf@t                                          cstackBANK1  0001AC
powf@t1                                         cstackBANK1  000180
powf@t2                                         cstackBANK1  000114
powf@t_h                                        cstackBANK1  000164
powf@t_l                                        cstackBANK1  00012C
powf@u                                          cstackBANK1  000170
powf@v                                          cstackBANK1  000174
powf@w                                          cstackBANK1  000140
powf@x                                          cstackBANK0  000091
powf@y                                          cstackBANK0  000095
powf@y1                                         cstackBANK1  000120
powf@yisint                                     cstackBANK1  00014C
powf@z                                          cstackBANK1  0001B0
powf@z_h                                        cstackBANK1  000118
powf@z_l                                        cstackBANK1  00011C
scalbnf@n                                       cstackCOMRAM 000039
scalbnf@u                                       cstackBANK0  000060
scalbnf@x                                       cstackCOMRAM 000035
scalbnf@y                                       cstackBANK0  000064
sidefilter@i                                    cstackCOMRAM 00001B
sidefilter@input                                cstackCOMRAM 000013
sidefilter@side                                 cstackCOMRAM 000011
sqrtf@__xc8_float_word                          cstackBANK0  000075
sqrtf@i                                         cstackBANK0  000071
sqrtf@ix                                        cstackBANK0  00008D
sqrtf@m                                         cstackBANK0  000085
sqrtf@q                                         cstackBANK0  000079
sqrtf@r                                         cstackBANK0  000089
sqrtf@s                                         cstackBANK0  00006D
sqrtf@t                                         cstackBANK0  00007D
sqrtf@x                                         cstackBANK0  000064
sqrtf@z                                         cstackBANK0  000081
stackhi                                         (abs)        0005FF
stacklo                                         (abs)        0004A0
start                                           init         0000CA
start_initialization                            cinit        004B50
timer_init@arg                                  cstackCOMRAM 000018
timer_init@handle                               cstackCOMRAM 00000C
timer_init@repeat                               cstackCOMRAM 000014
timer_init@timeout                              cstackCOMRAM 000010
timer_init@timeout_cb                           cstackCOMRAM 00000E
timer_loop@target                               cstackBANK1  0001B8
timer_start@handle                              cstackCOMRAM 00000C
timer_start@target                              cstackCOMRAM 00000E
timer_stop@curr                                 cstackCOMRAM 000012
timer_stop@entry                                cstackCOMRAM 000010
timer_stop@handle                               cstackCOMRAM 00000C
ttemp5                                          temp         000055
ttemp6                                          temp         000058
ttemp7                                          temp         00005C
wtemp8                                          temp         000055


MODULE INFORMATION

Module		Function		Class		Link	Load	Size
G:\Program Files\MPLAB\XC8_Compiler\pic\sources\c99\common\memcpy.c
		_memcpy        		CODE           	5A1A	0000	80

G:\Program Files\MPLAB\XC8_Compiler\pic\sources\c99\common\memcpy.c estimated size: 80

G:\Program Files\MPLAB\XC8_Compiler\pic\sources\c99\common\sprcmul.c
		___flmul       		CODE           	345C	0000	1066

G:\Program Files\MPLAB\XC8_Compiler\pic\sources\c99\common\sprcmul.c estimated size: 1066

G:\Program Files\MPLAB\XC8_Compiler\pic\sources\c99\common\sprcdiv.c
		___fldiv       		CODE           	3886	0000	924

G:\Program Files\MPLAB\XC8_Compiler\pic\sources\c99\common\sprcdiv.c estimated size: 924

code/Src/Modbus.c
		_Modbus_05     		CODE           	4838	0000	276
		_Set_ModbusFrame		CODE           	4E00	0000	210

code/Src/Modbus.c estimated size: 486

code/Src/Event.c
		_Event7        		CODE           	5D06	0000	48
		_Events_Poll   		CODE           	45D0	0000	314
		_Run_Stutas    		CODE           	504A	0000	166
		_Inverter_Start		CODE           	5ED8	0000	36
		_Gen_VoltageCheck		CODE           	57A4	0000	112
		_Data_Report   		CODE           	55C0	0000	130
		_Event2        		CODE           	5DF2	0000	46
		_Event5        		CODE           	5D96	0000	46
		_Event8        		CODE           	5538	0000	136
		_Reset_Code    		CODE           	603A	0000	18
		_Event3        		CODE           	5DC4	0000	46
		_Uart1_Handle  		CODE           	5CD6	0000	48
		_Event6        		CODE           	5D36	0000	48
		_Status_Check  		CODE           	4F92	0000	184
		_Voltage_Check 		CODE           	3C22	0000	682
		_Set_Code      		CODE           	604C	0000	18
		_Timing_Report 		CODE           	470A	0000	302
		_Gen_Start     		CODE           	4A52	0000	254
		_Uart2_Handle  		CODE           	4D1E	0000	226
		_Get_CurrentSate		CODE           	5814	0000	108
		_City_VoltageCheck		CODE           	56BE	0000	116
		_Event1        		CODE           	5E20	0000	46
		_Event4        		CODE           	52D0	0000	158

code/Src/Event.c estimated size: 3288

G:\Program Files\MPLAB\XC8_Compiler\pic\sources\c99\common\flneg.c
		___flneg       		CODE           	5C02	0000	56

G:\Program Files\MPLAB\XC8_Compiler\pic\sources\c99\common\flneg.c estimated size: 56

code/Src/interrupt_manager.c
		_INTERRUPT_Initialize		CODE           	605E	0000	16
		_INTERRUPT_InterruptManagerLow		CODE           	0018	0000	178
		_INTERRUPT_InterruptManagerHigh		CODE           	0008	0000	234

code/Src/interrupt_manager.c estimated size: 428

G:\Program Files\MPLAB\XC8_Compiler\pic\sources\c99\common\fabsf.c
		_fabsf         		CODE           	5C70	0000	52

G:\Program Files\MPLAB\XC8_Compiler\pic\sources\c99\common\fabsf.c estimated size: 52

G:\Program Files\MPLAB\XC8_Compiler\pic\sources\c99\common\powf.c
		_powf          		CODE           	00CE	0000	10766

G:\Program Files\MPLAB\XC8_Compiler\pic\sources\c99\common\powf.c estimated size: 10766

G:\Program Files\MPLAB\XC8_Compiler\pic\sources\c99\common\scalbnf.c
		_scalbnf       		CODE           	3ECC	0000	564

G:\Program Files\MPLAB\XC8_Compiler\pic\sources\c99\common\scalbnf.c estimated size: 564

code/Src/pin_manager.c
		_PIN_MANAGER_Initialize		CODE           	5E4E	0000	46

code/Src/pin_manager.c estimated size: 46

code/Src/adc.c
		_ADC_DefaultInterruptHandler		CODE           	612E	0000	2
		_ADC_Initialize		CODE           	5F1E	0000	34
		_ADC_SetInterruptHandler		CODE           	60FC	0000	10
		_ADC_GetConversion		CODE           	5A6A	0000	74
		_ADC_ISR       		CODE           	5CA4	0000	50

code/Src/adc.c estimated size: 170

code/Src/main.c
		_Timers_Init   		CODE           	4ED2	0000	192
		_main          		CODE           	5F5E	0000	28

code/Src/main.c estimated size: 220

code/Src/eusart1.c
		_EUSART1_is_tx_done		CODE           	6012	0000	20
		_EUSART1_SetRxInterruptHandler		CODE           	60D4	0000	10
		_EUSART1_SetTxInterruptHandler		CODE           	60CA	0000	10
		_EUSART1_is_rx_ready		CODE           	5FCC	0000	26
		_EUSART1_is_tx_ready		CODE           	5FE6	0000	22
		_EUSART1_Initialize		CODE           	5732	0000	114
		_Uart1_Send    		CODE           	5956	0000	100
		_EUSART1_DefaultErrorHandler		CODE           	610C	0000	6
		_EUSART1_SetFramingErrorHandler		CODE           	60E8	0000	10
		_EUSART1_SetOverrunErrorHandler		CODE           	60DE	0000	10
		_EUSART1_SetErrorHandler		CODE           	60F2	0000	10
		_EUSART1_Receive_ISR		CODE           	5408	0000	152
		_EUSART1_RxDataHandler		CODE           	5E7C	0000	46
		_EUSART1_DefaultOverrunErrorHandler		CODE           	6106	0000	6
		_EUSART1_Transmit_ISR		CODE           	5B42	0000	64
		_EUSART1_DefaultFramingErrorHandler		CODE           	612A	0000	2

code/Src/eusart1.c estimated size: 608

G:\Program Files\MPLAB\XC8_Compiler\pic\sources\c99\common\flge.c
		___flge        		CODE           	494C	0000	262

G:\Program Files\MPLAB\XC8_Compiler\pic\sources\c99\common\flge.c estimated size: 262

G:\Program Files\MPLAB\XC8_Compiler\pic\sources\c99\common\sprcadd.c
		___flsub       		CODE           	5AFC	0000	70
		___fladd       		CODE           	2F9C	0000	1216

G:\Program Files\MPLAB\XC8_Compiler\pic\sources\c99\common\sprcadd.c estimated size: 1286

G:\Program Files\MPLAB\XC8_Compiler\pic\sources\c99\common\xxtofl.c
		___xxtofl      		CODE           	42D8	0000	436

G:\Program Files\MPLAB\XC8_Compiler\pic\sources\c99\common\xxtofl.c estimated size: 436

code/Src/mcc.c
		_OSCILLATOR_Initialize		CODE           	5F7A	0000	28
		_SYSTEM_Initialize		CODE           	5F40	0000	30

code/Src/mcc.c estimated size: 58

shared
		_L5            		MEDIUMCONST    	0000	0000	0
		_P3            		MEDIUMCONST    	0000	0000	0
		_L6            		MEDIUMCONST    	0000	0000	0
		_P4            		MEDIUMCONST    	0000	0000	0
		_P5            		MEDIUMCONST    	0000	0000	0
		_lg2_l         		MEDIUMCONST    	0000	0000	0
		_ivln2_l       		MEDIUMCONST    	0000	0000	0
		_ivln2         		MEDIUMCONST    	0000	0000	0
		__initialization		CODE           	4B50	0000	220
		_bp            		MEDIUMCONST    	7E71	0000	8
		_cp            		MEDIUMCONST    	0000	0000	0
		_cp_h          		MEDIUMCONST    	0000	0000	0
		_dp_h          		MEDIUMCONST    	7E11	0000	8
		_lg2           		MEDIUMCONST    	0000	0000	0
		_tiny@sqrtf$F3039		MEDIUMCONST    	0000	0000	0
		_lg2_h         		MEDIUMCONST    	0000	0000	0
		_ivln2_h       		MEDIUMCONST    	0000	0000	0
		_tiny          		MEDIUMCONST    	0000	0000	0
		_ovt           		MEDIUMCONST    	0000	0000	0
		_huge          		MEDIUMCONST    	0000	0000	0
		_two24         		MEDIUMCONST    	0000	0000	0
		_cp_l          		MEDIUMCONST    	0000	0000	0
		_dp_l          		MEDIUMCONST    	7E09	0000	8
		_L1            		MEDIUMCONST    	0000	0000	0
		_L2            		MEDIUMCONST    	0000	0000	0
		_L3            		MEDIUMCONST    	0000	0000	0
		_P1            		MEDIUMCONST    	0000	0000	0
		_L4            		MEDIUMCONST    	0000	0000	0
		_P2            		MEDIUMCONST    	0000	0000	0

shared estimated size: 244

code/Src/multi_timer.c
		_timer_ticks   		CODE           	607E	0000	16
		_timer_stop    		CODE           	5642	0000	124
		_timer_start   		CODE           	5880	0000	108
		_timer_init    		CODE           	50F0	0000	162
		_timer_loop    		CODE           	448C	0000	324

code/Src/multi_timer.c estimated size: 734

G:\Program Files\MPLAB\XC8_Compiler\pic\sources\c99\common\nanf.c
		_nanf          		CODE           	5EFC	0000	34

G:\Program Files\MPLAB\XC8_Compiler\pic\sources\c99\common\nanf.c estimated size: 34

G:\Program Files\MPLAB\XC8_Compiler\pic\sources\c99\common\sqrtf.c
		_sqrtf         		CODE           	2ADC	0000	1216

G:\Program Files\MPLAB\XC8_Compiler\pic\sources\c99\common\sqrtf.c estimated size: 1216

code/Src/tmr0.c
		_TMR0_SetInterruptHandler		CODE           	608E	0000	10
		_TMR0_DefaultInterruptHandler		CODE           	6112	0000	6
		_TMR0_CallBack 		CODE           	5D66	0000	48
		_TMR0_ISR      		CODE           	606E	0000	16
		_TMR0_Initialize		CODE           	5C3A	0000	54

code/Src/tmr0.c estimated size: 134

code/Src/pFunc.c
		_Endian_Swap   		CODE           	5232	0000	158
		_getCrc16      		CODE           	536E	0000	154
		_sidefilter    		CODE           	4100	0000	472

code/Src/pFunc.c estimated size: 784

code/Src/eusart2.c
		_EUSART2_SetOverrunErrorHandler		CODE           	60AC	0000	10
		_EUSART2_SetErrorHandler		CODE           	60C0	0000	10
		_Uart2_Send    		CODE           	59BA	0000	96
		_EUSART2_Receive_ISR		CODE           	54A0	0000	152
		_EUSART2_RxDataHandler		CODE           	5EAA	0000	46
		_EUSART2_DefaultOverrunErrorHandler		CODE           	6118	0000	6
		_EUSART2_Transmit_ISR		CODE           	5B82	0000	64
		_EUSART2_DefaultFramingErrorHandler		CODE           	612C	0000	2
		_EUSART2_is_tx_done		CODE           	6026	0000	20
		_EUSART2_SetRxInterruptHandler		CODE           	60A2	0000	10
		_EUSART2_SetTxInterruptHandler		CODE           	6098	0000	10
		_EUSART2_is_rx_ready		CODE           	5FB2	0000	26
		_EUSART2_is_tx_ready		CODE           	5FFC	0000	22
		_EUSART2_Initialize		CODE           	58EC	0000	106
		_EUSART2_DefaultErrorHandler		CODE           	611E	0000	6
		_EUSART2_SetFramingErrorHandler		CODE           	60B6	0000	10

code/Src/eusart2.c estimated size: 596

